// Jest Snapshot v1, https://goo.gl/fbAQLP

exports[`Splash Should render without errors 1`] = `
<div
  className="splash-page"
>
  <div
    className="splash-page__content"
  >
    <img
      alt="image of a rocket"
      src="/assets/images/launch.svg"
    />
    <h1>
      Splash Page Title
    </h1>
    <h2>
      Splash Page Subtitle
    </h2>
  </div>
</div>
`;
